[2024-04-05 12:24:28,210: INFO: main: Weclome to Text Summarizer]
[2024-04-05 12:25:09,283: INFO: main: This is a custom logging test]
[2024-04-10 11:14:04,098: INFO: main: This is a custom logging test]
[2024-04-10 14:58:16,441: INFO: common: yaml file: config\config.yaml loaded successfully]
[2024-04-10 14:58:16,446: INFO: common: yaml file: params.yaml loaded successfully]
[2024-04-10 15:08:07,209: INFO: common: yaml file: config\config.yaml loaded successfully]
[2024-04-10 15:08:07,211: INFO: common: yaml file: params.yaml loaded successfully]
[2024-04-10 15:11:15,423: INFO: common: yaml file: config\config.yaml loaded successfully]
[2024-04-10 15:11:15,424: INFO: common: yaml file: params.yaml loaded successfully]
[2024-04-10 15:14:00,284: INFO: common: yaml file: config\config.yaml loaded successfully]
[2024-04-10 15:14:00,286: INFO: common: yaml file: params.yaml loaded successfully]
[2024-04-10 15:28:29,400: INFO: common: yaml file: config\config.yaml loaded successfully]
[2024-04-10 15:28:29,402: INFO: common: yaml file: params.yaml loaded successfully]
[2024-04-10 15:28:32,259: INFO: common: yaml file: config\config.yaml loaded successfully]
[2024-04-10 15:28:32,261: INFO: common: yaml file: params.yaml loaded successfully]
[2024-04-10 15:48:04,987: INFO: common: yaml file: config\config.yaml loaded successfully]
[2024-04-10 15:48:04,989: INFO: common: yaml file: params.yaml loaded successfully]
[2024-04-10 15:52:49,432: INFO: common: yaml file: config\config.yaml loaded successfully]
[2024-04-10 15:52:49,434: INFO: common: yaml file: params.yaml loaded successfully]
[2024-04-15 10:50:11,883: INFO: common: yaml file: config\config.yaml loaded successfully]
[2024-04-15 10:50:11,989: INFO: common: yaml file: params.yaml loaded successfully]
[2024-04-15 15:01:28,698: INFO: common: yaml file: D:\ML Projects\Text_Summerizer\config\config.yaml loaded successfully]
[2024-04-15 15:01:28,801: INFO: common: yaml file: params.yaml loaded successfully]
[2024-04-15 15:05:56,534: INFO: common: yaml file: config\config.yaml loaded successfully]
[2024-04-15 15:05:56,640: INFO: common: yaml file: params.yaml loaded successfully]
[2024-04-15 15:08:29,150: INFO: common: yaml file: config\config.yaml loaded successfully]
[2024-04-15 15:08:29,153: INFO: common: yaml file: params.yaml loaded successfully]
[2024-04-15 15:25:37,275: INFO: main: >>>>>> stage Data Ingestion stage started <<<<<<]
[2024-04-15 15:25:37,276: INFO: common: yaml file: config\config.yaml loaded successfully]
[2024-04-15 15:25:37,276: INFO: common: yaml file: params.yaml loaded successfully]
[2024-04-15 15:25:37,276: ERROR: main: yaml file is empty]
Traceback (most recent call last):
  File "D:\ML Projects\Text_Summerizer\src\textSummarizer\utils\common.py", line 30, in read_yaml
    return ConfigBox(content)
           ^^^^^^^^^^^^^^^^^^
  File "D:\ML Projects\Text_Summerizer\.venv\Lib\site-packages\box\box.py", line 259, in __init__
    raise BoxValueError("First argument must be mapping or iterable")
box.exceptions.BoxValueError: First argument must be mapping or iterable

During handling of the above exception, another exception occurred:

Traceback (most recent call last):
  File "D:\ML Projects\Text_Summerizer\main.py", line 9, in <module>
    data_ingestion.main()
  File "D:\ML Projects\Text_Summerizer\src\textSummarizer\pipeline\stage_01_dataIngestion.py", line 11, in main
    config = ConfigurationManager()
             ^^^^^^^^^^^^^^^^^^^^^^
  File "D:\ML Projects\Text_Summerizer\src\textSummarizer\config\configuration.py", line 12, in __init__
    self.params = read_yaml(params_filepath)
                  ^^^^^^^^^^^^^^^^^^^^^^^^^^
  File "D:\ML Projects\Text_Summerizer\.venv\Lib\site-packages\ensure\main.py", line 849, in __call__
    return_val = self.f(*args, **kwargs)
                 ^^^^^^^^^^^^^^^^^^^^^^^
  File "D:\ML Projects\Text_Summerizer\src\textSummarizer\utils\common.py", line 32, in read_yaml
    raise ValueError("yaml file is empty")
ValueError: yaml file is empty
[2024-04-15 15:29:40,216: INFO: main: >>>>>> stage Data Ingestion stage started <<<<<<]
[2024-04-15 15:29:40,217: INFO: common: yaml file: config\config.yaml loaded successfully]
[2024-04-15 15:29:40,217: INFO: common: yaml file: params.yaml loaded successfully]
[2024-04-15 15:29:40,217: ERROR: main: yaml file is empty]
Traceback (most recent call last):
  File "D:\ML Projects\Text_Summerizer\src\textSummarizer\utils\common.py", line 30, in read_yaml
    return ConfigBox(content)
           ^^^^^^^^^^^^^^^^^^
  File "D:\ML Projects\Text_Summerizer\.venv\Lib\site-packages\box\box.py", line 259, in __init__
    raise BoxValueError("First argument must be mapping or iterable")
box.exceptions.BoxValueError: First argument must be mapping or iterable

During handling of the above exception, another exception occurred:

Traceback (most recent call last):
  File "D:\ML Projects\Text_Summerizer\main.py", line 9, in <module>
    data_ingestion.main()
  File "D:\ML Projects\Text_Summerizer\src\textSummarizer\pipeline\stage_01_dataIngestion.py", line 11, in main
    config = ConfigurationManager()
             ^^^^^^^^^^^^^^^^^^^^^^
  File "D:\ML Projects\Text_Summerizer\src\textSummarizer\config\configuration.py", line 12, in __init__
    self.params = read_yaml(params_filepath)
                  ^^^^^^^^^^^^^^^^^^^^^^^^^^
  File "D:\ML Projects\Text_Summerizer\.venv\Lib\site-packages\ensure\main.py", line 849, in __call__
    return_val = self.f(*args, **kwargs)
                 ^^^^^^^^^^^^^^^^^^^^^^^
  File "D:\ML Projects\Text_Summerizer\src\textSummarizer\utils\common.py", line 32, in read_yaml
    raise ValueError("yaml file is empty")
ValueError: yaml file is empty
[2024-04-15 15:33:53,965: INFO: common: yaml file: config\config.yaml loaded successfully]
[2024-04-15 15:33:53,966: INFO: common: yaml file: params.yaml loaded successfully]
[2024-04-15 15:45:04,726: INFO: common: yaml file: config\config.yaml loaded successfully]
[2024-04-15 15:45:04,727: INFO: common: yaml file: params.yaml loaded successfully]
[2024-04-15 15:45:22,841: INFO: main: >>>>>> stage Data Ingestion stage started <<<<<<]
[2024-04-15 15:45:22,843: INFO: common: yaml file: config\config.yaml loaded successfully]
[2024-04-15 15:45:22,843: INFO: common: yaml file: params.yaml loaded successfully]
[2024-04-15 15:45:22,844: ERROR: main: yaml file is empty]
Traceback (most recent call last):
  File "D:\ML Projects\Text_Summerizer\src\textSummarizer\utils\common.py", line 30, in read_yaml
    return ConfigBox(content)
           ^^^^^^^^^^^^^^^^^^
  File "D:\ML Projects\Text_Summerizer\.venv\Lib\site-packages\box\box.py", line 259, in __init__
    raise BoxValueError("First argument must be mapping or iterable")
box.exceptions.BoxValueError: First argument must be mapping or iterable

During handling of the above exception, another exception occurred:

Traceback (most recent call last):
  File "D:\ML Projects\Text_Summerizer\main.py", line 9, in <module>
    data_ingestion.main()
  File "D:\ML Projects\Text_Summerizer\src\textSummarizer\pipeline\stage_01_dataIngestion.py", line 11, in main
    config = ConfigurationManager()
             ^^^^^^^^^^^^^^^^^^^^^^
  File "D:\ML Projects\Text_Summerizer\src\textSummarizer\config\configuration.py", line 12, in __init__
    self.params = read_yaml(params_filepath)
                  ^^^^^^^^^^^^^^^^^^^^^^^^^^
  File "D:\ML Projects\Text_Summerizer\.venv\Lib\site-packages\ensure\main.py", line 849, in __call__
    return_val = self.f(*args, **kwargs)
                 ^^^^^^^^^^^^^^^^^^^^^^^
  File "D:\ML Projects\Text_Summerizer\src\textSummarizer\utils\common.py", line 32, in read_yaml
    raise ValueError("yaml file is empty")
ValueError: yaml file is empty
[2024-04-15 15:56:21,398: INFO: main: >>>>>> stage Data Ingestion stage started <<<<<<]
[2024-04-15 15:56:21,399: INFO: common: yaml file: config\config.yaml loaded successfully]
[2024-04-15 15:56:21,404: INFO: common: yaml file: params.yaml loaded successfully]
[2024-04-15 15:56:21,405: INFO: common: created directory at: artifacts]
[2024-04-15 15:56:21,405: INFO: common: created directory at: artifacts/data_ingestion]
[2024-04-15 15:56:28,804: INFO: dataIngestion: artifacts/data_ingestion/data.zip download! with following info: 
Connection: close
Content-Length: 7903594
Cache-Control: max-age=300
Content-Security-Policy: default-src 'none'; style-src 'unsafe-inline'; sandbox
Content-Type: application/zip
ETag: "dbc016a060da18070593b83afff580c9b300f0b6ea4147a7988433e04df246ca"
Strict-Transport-Security: max-age=31536000
X-Content-Type-Options: nosniff
X-Frame-Options: deny
X-XSS-Protection: 1; mode=block
X-GitHub-Request-Id: BBB0:D6D09:71511:8D7BD:661D00CE
Accept-Ranges: bytes
Date: Mon, 15 Apr 2024 10:26:23 GMT
Via: 1.1 varnish
X-Served-By: cache-maa10222-MAA
X-Cache: MISS
X-Cache-Hits: 0
X-Timer: S1713176783.867745,VS0,VE701
Vary: Authorization,Accept-Encoding,Origin
Access-Control-Allow-Origin: *
Cross-Origin-Resource-Policy: cross-origin
X-Fastly-Request-ID: 6307725009023db1c022c1edc640368dab2e165e
Expires: Mon, 15 Apr 2024 10:31:23 GMT
Source-Age: 0

]
[2024-04-15 15:56:28,939: INFO: main: >>>>>> stage Data Ingestion stage completed <<<<<<

x==========x]
